// Jest Snapshot v1, https://goo.gl/fbAQLP

exports[`<App /> should render and match the snapshot 1`] = `
<React.Fragment>
  <HelmetWrapper
    defaultTitle="React-boilerplate-admin"
    defer={true}
    encodeSpecialCharacters={true}
    titleTemplate="%s - React-boilerplate-admin"
  >
    <meta
      content="Integration react-boilerplate and react-admin"
      name="description"
    />
  </HelmetWrapper>
  <withReducer(withReducer(AdminPage)) />
</React.Fragment>
`;
